// Jest Snapshot v1, https://goo.gl/fbAQLP

exports[`When correctly initialized renders schedule modal body 1`] = `
<div>
  <div
    className="row"
  >
    <div
      className="col-xs-12"
    >
      <div
        className="form-group"
      >
        <div
          className="radio"
        >
          <label
            style={
              Object {
                "fontWeight": "600",
              }
            }
          >
            <input
              checked={true}
              name="schedule_migration_start"
              onChange={[Function]}
              type="radio"
              value="schedule_migration_now"
            />
            start now label
          </label>
        </div>
        <div
          className="radio"
        >
          <label
            style={
              Object {
                "fontWeight": "600",
              }
            }
          >
            <input
              checked={false}
              name="schedule_migration_start"
              onChange={[Function]}
              type="radio"
              value="schedule_migration_later"
            />
            start later label
          </label>
        </div>
      </div>
    </div>
  </div>
</div>
`;
