// Jest Snapshot v1, https://goo.gl/fbAQLP

exports[`Overview integration test should mount the Overview with mapStateToProps reduced 1`] = `
Object {
  "acknowledgeDeniedPlanRequestAction": [Function],
  "activeTransformationPlans": Array [],
  "addNotificationAction": [Function],
  "archiveTransformationPlanAction": [Function],
  "archiveTransformationPlanUrl": "/api/service_templates",
  "archivedTransformationPlans": Array [],
  "cancelPlanRequestAction": [Function],
  "clusters": Array [],
  "createTransformationPlanRequestAction": [Function],
  "datastores": Array [],
  "deleteTransformationPlanAction": [Function],
  "deleteTransformationPlanUrl": "/api/service_templates",
  "editPlanRequestAction": [Function],
  "errorFetchingProviders": null,
  "fetchArchivedTransformationPlansUrl": "/api/dummyArchivedTransformationPlans",
  "fetchCloudTenantsAction": [Function],
  "fetchCloudTenantsUrl": "/api/cloud_tenants?expand=resources&filter[]=ext_management_system.type=ManageIQ::Providers::Openstack::CloudManager",
  "fetchClustersUrl": "/api/dummyClusters",
  "fetchDatastoresUrl": "/api/dummyDatastores",
  "fetchNetworksUrl": "/api/dummyNetworks",
  "fetchProductFeaturesAction": [Function],
  "fetchProductFeaturesActionUrl": "/api",
  "fetchProvidersAction": [Function],
  "fetchProvidersUrl": "/api/providers?expand=resources&attributes=authentications",
  "fetchServiceTemplateAnsiblePlaybooksAction": [Function],
  "fetchServiceTemplateAnsiblePlaybooksUrl": "/api/dummyServiceTemplatePlaybooks",
  "fetchTransformationMappingsAction": [Function],
  "fetchTransformationMappingsUrl": "/api/dummyMappings",
  "fetchTransformationPlansAction": [Function],
  "fetchTransformationPlansUrl": "/api/dummyTransformationPlans",
  "finishedTransformationPlans": Array [],
  "hasSufficientProviders": false,
  "hasTargetProvider": false,
  "hideConfirmModalAction": [Function],
  "hideEditPlanNameModalAction": [Function],
  "hideMappingWizard": false,
  "hidePlanWizard": false,
  "isFetchingClusters": false,
  "isFetchingDatastores": false,
  "isFetchingNetworks": false,
  "isFetchingProviders": true,
  "isFetchingTransformationMappings": false,
  "isRejectedClusters": false,
  "isRejectedDatastores": false,
  "isRejectedNetworks": false,
  "isRejectedProviders": false,
  "isRejectedTransformationMappings": false,
  "mappingWizardVisible": false,
  "networks": Array [],
  "notStartedTransformationPlans": Array [],
  "openMappingWizardOnTransitionAction": [Function],
  "planWizardVisible": false,
  "productFeatures": Array [],
  "providers": Array [],
  "redirectTo": [Function],
  "removeNotificationAction": [Function],
  "requestsProcessingCancellation": Array [],
  "retryMigrationAction": [Function],
  "scheduleCutover": [Function],
  "scheduleMigration": [Function],
  "setMigrationsFilterAction": [Function],
  "showConfirmModalAction": [Function],
  "showEditPlanNameModalAction": [Function],
  "showPlanWizardAction": [Function],
  "showPlanWizardEditModeAction": [Function],
  "toggleScheduleMigrationModal": [Function],
  "transformationMappings": Array [],
  "transformationPlans": Array [],
}
`;
