// Jest Snapshot v1, https://goo.gl/fbAQLP

exports[`cancelPlanRequestAction dispatched PENDING and REJECTED actions 1`] = `
Array [
  Object {
    "payload": "/api/requests/1",
    "type": "V2V_CANCEL_PLAN_REQUEST_PENDING",
  },
  Object {
    "error": true,
    "payload": [Error: <mocked error>],
    "type": "V2V_CANCEL_PLAN_REQUEST_REJECTED",
  },
]
`;

exports[`cancelPlanRequestAction dispatches PENDING and FULFILLED actions 1`] = `
Array [
  Object {
    "payload": "/api/requests/1",
    "type": "V2V_CANCEL_PLAN_REQUEST_PENDING",
  },
  Object {
    "payload": Object {
      "data": Object {
        "href": "http://0.0.0.0:8080/api/requests/28",
        "message": "MiqRequest 28 canceled",
        "success": true,
      },
    },
    "type": "V2V_CANCEL_PLAN_REQUEST_FULFILLED",
  },
]
`;

exports[`fetchProvidersAction dispatches PENDING and FULFILLED actions 1`] = `
Array [
  Object {
    "type": "FETCH_PROVIDERS_PENDING",
  },
  Object {
    "payload": Object {
      "data": Object {
        "mock": "data",
      },
    },
    "type": "FETCH_PROVIDERS_FULFILLED",
  },
]
`;

exports[`fetchProvidersAction dispatches PENDING and REJECTED actions 1`] = `
Array [
  Object {
    "type": "FETCH_PROVIDERS_PENDING",
  },
  Object {
    "error": true,
    "payload": [Error: <mocked error>],
    "type": "FETCH_PROVIDERS_REJECTED",
  },
]
`;

exports[`fetchTransformationPlansAction dispatches PENDING and REJECTED actions 1`] = `
Array [
  Object {
    "type": "FETCH_V2V_TRANSFORMATION_PLANS_PENDING",
  },
  Object {
    "error": true,
    "payload": [Error: <mocked error>],
    "type": "FETCH_V2V_TRANSFORMATION_PLANS_REJECTED",
  },
]
`;

exports[`setMigrationsFilterAction dispatches additional actions 1`] = `
Array [
  Object {
    "payload": "Migrations Plans Not Started",
    "type": "V2V_SET_MIGRATIONS_FILTER",
  },
  Object {
    "payload": "Some payload",
    "type": "SOME_ACTION_TYPE",
  },
]
`;

exports[`setMigrationsFilterAction dispatches an action with correct type and payload 1`] = `
Array [
  Object {
    "payload": "Migrations Plans Not Started",
    "type": "V2V_SET_MIGRATIONS_FILTER",
  },
]
`;
